| AdvancedSMTExpressions.cpp:15:6:15:7 | specification of f1 | AdvancedSMTExpressions.cpp:18:12:18:12 | a | (not (=  _referenceType__a MaybeNull))\n |
| AdvancedSMTExpressions.cpp:15:6:15:7 | specification of f1 | AdvancedSMTExpressions.cpp:21:15:21:15 | a | (not (=  _referenceType__a_qlcontracts_a MaybeNull))\n |
| AdvancedSMTExpressions.cpp:15:6:15:7 | specification of f1 | AdvancedSMTExpressions.cpp:24:12:24:19 | ... > ... | (>  _valueType__a_qlcontracts_d  0 ) \n |
| AdvancedSMTExpressions.cpp:15:6:15:7 | specification of f1 | AdvancedSMTExpressions.cpp:27:15:27:15 | d | (not (= _valueType__a_qlcontracts_d 0))\n |
| AdvancedSMTExpressions.cpp:15:6:15:7 | specification of f1 | AdvancedSMTExpressions.cpp:30:14:30:14 | a | (not (=  _referenceType__b_qlcontracts_a MaybeNull))\n |
| AdvancedSMTExpressions.cpp:15:6:15:7 | specification of f1 | AdvancedSMTExpressions.cpp:33:18:33:18 | a | (not (=  _referenceType__a_qlcontracts_b_qlcontracts_a MaybeNull))\n |
| AdvancedSMTExpressions.cpp:15:6:15:7 | specification of f1 | AdvancedSMTExpressions.cpp:36:17:36:17 | a | (not (=  _referenceType__b_qlcontracts_b_qlcontracts_a MaybeNull))\n |
| AdvancedSMTExpressions.cpp:15:6:15:7 | specification of f1 | AdvancedSMTExpressions.cpp:39:26:39:26 | b | (not (=  _referenceType__b_qlcontracts_b_qlcontracts_b_qlcontracts_b_qlcontracts_b_qlcontracts_b MaybeNull))\n |
| AdvancedSMTExpressions.cpp:15:6:15:7 | specification of f1 | AdvancedSMTExpressions.cpp:42:27:42:27 | b | (not (=  _referenceType__a_qlcontracts_b_qlcontracts_b_qlcontracts_b_qlcontracts_b_qlcontracts_b MaybeNull))\n |
