| basicsmtexpressions.cpp:5:6:5:7 | specification of f1 | basicsmtexpressions.cpp:8:12:8:16 | ... > ... | (>  _valueType__i  0 ) \n |
| basicsmtexpressions.cpp:5:6:5:7 | specification of f1 | basicsmtexpressions.cpp:11:12:11:17 | ... >= ... | (>=  _valueType__i  0 ) \n |
| basicsmtexpressions.cpp:5:6:5:7 | specification of f1 | basicsmtexpressions.cpp:14:12:14:16 | ... < ... | (<  _valueType__i  0 ) \n |
| basicsmtexpressions.cpp:5:6:5:7 | specification of f1 | basicsmtexpressions.cpp:17:12:17:17 | ... <= ... | (<=  _valueType__i  0 ) \n |
| basicsmtexpressions.cpp:5:6:5:7 | specification of f1 | basicsmtexpressions.cpp:20:12:20:17 | ... == ... | (=  _valueType__i   0 )\n |
| basicsmtexpressions.cpp:5:6:5:7 | specification of f1 | basicsmtexpressions.cpp:23:12:23:19 | ! ... | (not (>  _valueType__i  0 ) )\n |
| basicsmtexpressions.cpp:5:6:5:7 | specification of f1 | basicsmtexpressions.cpp:26:12:26:20 | ... > ... | (> (+  _valueType__i  1 )  0 ) \n |
| basicsmtexpressions.cpp:5:6:5:7 | specification of f1 | basicsmtexpressions.cpp:29:12:29:20 | ... < ... | (< (-  _valueType__i  1 )  0 ) \n |
| basicsmtexpressions.cpp:5:6:5:7 | specification of f1 | basicsmtexpressions.cpp:32:12:32:21 | ... <= ... | (<= (+  _valueType__i  1 )  0 ) \n |
| basicsmtexpressions.cpp:35:6:35:7 | specification of f2 | basicsmtexpressions.cpp:38:12:38:27 | ... && ... | (and (=  _valueType__i   0 ) (=  _valueType__i   0 ))\n |
| basicsmtexpressions.cpp:35:6:35:7 | specification of f2 | basicsmtexpressions.cpp:41:12:41:29 | ... && ... | (and (not (>  _valueType__i  0 ) ) (<  _valueType__i  10 ) )\n |
| basicsmtexpressions.cpp:35:6:35:7 | specification of f2 | basicsmtexpressions.cpp:44:12:44:29 | ... && ... | (and (> (+  _valueType__i  1 )  0 )  (>  _valueType__i  0 ) )\n |
| basicsmtexpressions.cpp:35:6:35:7 | specification of f2 | basicsmtexpressions.cpp:47:12:47:29 | ... && ... | (and (< (-  _valueType__i  1 )  0 )  (>  _valueType__i  0 ) )\n |
| basicsmtexpressions.cpp:35:6:35:7 | specification of f2 | basicsmtexpressions.cpp:50:12:50:33 | ... \|\| ... | (or (<= (+  _valueType__i  1 )  0 )  (>=  _valueType__i  100 ) )\n |
| basicsmtexpressions.cpp:35:6:35:7 | specification of f2 | basicsmtexpressions.cpp:53:12:53:37 | ... \|\| ... | (or (<= (+  _valueType__i  1 )  0 )  (>=  _valueType__i  100 ) )\n |
| basicsmtexpressions.cpp:35:6:35:7 | specification of f2 | basicsmtexpressions.cpp:56:12:56:32 | ... && ... | (and (<= (+  _valueType__i  1 )  0 )  (>=  _valueType__i  10 ) )\n |
